runs/experiments/video_2/botsort_conf030_iou050_f1_150/video_2.txt
runs/experiments/video_2/bytetrack_conf050_iou050_f1_150/video_2.txt
runs/experiments/video_2/bytetrack_conf030_iou050_f1_150/video_2.txt
runs/experiments/video_2/bytetrack_conf015_iou050_f301_150/video_2.txt
runs/experiments/video_2/bytetrack_conf015_iou040_f1_150/video_2.txt
runs/experiments/video_2/bytetrack_conf015_iou050_f1_150/video_2.txt
runs/experiments/video_2/bytetrack_conf015_iou070_f1_150/video_2.txt
runs/experiments/video_2/botsort_conf015_iou050_f301_150/video_2.txt
runs/experiments/video_5/botsort_conf030_iou050_f1_150/video_5.txt
runs/experiments/video_5/bytetrack_conf030_iou040_f1_150/video_5.txt
runs/experiments/video_5/bytetrack_conf050_iou050_f1_150/video_5.txt
runs/experiments/video_5/bytetrack_conf030_iou050_f1_150/video_5.txt
runs/experiments/video_5/bytetrack_conf030_iou070_f1_150/video_5.txt
runs/experiments/video_5/botsort_conf030_iou050_f301_150/video_5.txt
runs/experiments/video_5/bytetrack_conf015_iou050_f1_150/video_5.txt
runs/experiments/video_5/bytetrack_conf030_iou050_f301_150/video_5.txt
runs/experiments/video_4/botsort_conf030_iou050_f1_150/video_4.txt
runs/experiments/video_4/bytetrack_conf030_iou040_f1_150/video_4.txt
runs/experiments/video_4/bytetrack_conf050_iou050_f1_150/video_4.txt
runs/experiments/video_4/bytetrack_conf030_iou050_f1_150/video_4.txt
runs/experiments/video_4/bytetrack_conf030_iou070_f1_150/video_4.txt
runs/experiments/video_4/botsort_conf030_iou050_f301_150/video_4.txt
runs/experiments/video_4/bytetrack_conf015_iou050_f1_150/video_4.txt
runs/experiments/video_4/bytetrack_conf030_iou050_f301_150/video_4.txt
runs/experiments/video_3/botsort_conf030_iou050_f1_150/video_3.txt
runs/experiments/video_3/bytetrack_conf030_iou040_f1_150/video_3.txt
runs/experiments/video_3/bytetrack_conf050_iou050_f1_150/video_3.txt
runs/experiments/video_3/botsort_conf050_iou050_f1_150/video_3.txt
runs/experiments/video_3/botsort_conf030_iou040_f1_150/video_3.txt
runs/experiments/video_3/bytetrack_conf030_iou050_f1_150/video_3.txt
runs/experiments/video_3/bytetrack_conf030_iou070_f1_150/video_3.txt
runs/experiments/video_3/botsort_conf030_iou070_f1_150/video_3.txt
runs/experiments/video_3/botsort_conf015_iou050_f1_150/video_3.txt
runs/experiments/video_3/botsort_conf030_iou050_f301_150/video_3.txt
runs/experiments/video_3/bytetrack_conf015_iou050_f1_150/video_3.txt
runs/experiments/video_3/bytetrack_conf030_iou050_f301_150/video_3.txt
runs/experiments/video_1/botsort_conf030_iou050_f1_150/video_1.txt
runs/experiments/video_1/bytetrack_conf050_iou050_f1_150/video_1.txt
runs/experiments/video_1/botsort_conf050_iou050_f1_None/video_1.txt
runs/experiments/video_1/bytetrack_conf030_iou050_f1_150/video_1.txt
runs/experiments/video_1/bytetrack_conf030_iou050_f1_None/video_1.txt
runs/experiments/video_1/botsort_conf030_iou050_f1_None/video_1.txt
runs/experiments/video_1/botsort_conf015_iou070_f1_None/video_1.txt
runs/experiments/video_1/bytetrack_conf015_iou050_f301_150/video_1.txt
runs/experiments/video_1/bytetrack_conf015_iou040_f1_150/video_1.txt
runs/experiments/video_1/bytetrack_conf015_iou050_f1_None/video_1.txt
runs/experiments/video_1/bytetrack_conf015_iou050_f1_150/video_1.txt
runs/experiments/video_1/bytetrack_conf015_iou070_f1_150/video_1.txt
runs/experiments/video_1/botsort_conf015_iou050_f1_None/video_1.txt
runs/experiments/video_1/botsort_conf015_iou040_f1_None/video_1.txt
runs/experiments/video_1/botsort_conf015_iou050_f301_150/video_1.txt
runs/thu_nhanh/video_1.txt
